// Jest Snapshot v1, https://goo.gl/fbAQLP

exports[`Exam Type Category Edit should render correctly 1`] = `
<div
  className="col-6 offset-3 p-2"
>
  <div
    className="row"
  >
    <div
      className="col pt-1"
    >
      <input
        checked={true}
        className="form-check-input"
        id="examTypeCategoryEnabled-1"
        onChange={[Function]}
        type="checkbox"
      />
      <label
        className="form-check-label"
        htmlFor="examTypeCategoryEnabled-1"
      >
        Category A
      </label>
    </div>
  </div>
  <table
    className="table"
  >
    <thead>
      <tr>
        <th />
        <th
          key="EASY"
        >
          Easy
        </th>
        <th
          key="HARD"
        >
          Hard
        </th>
        <th
          className="border-left"
        >
          Total
        </th>
      </tr>
    </thead>
    <tbody>
      <tr
        key="Theoretical"
      >
        <th>
          Theoretical
        </th>
        <td
          key="EASY-Theoretical"
        >
          <EditConstraint
            amount={0}
            categoryId={1}
            difficulty="EASY"
            setAmount={[Function]}
            subject="Theoretical"
          />
        </td>
        <td
          key="HARD-Theoretical"
        >
          <EditConstraint
            amount={0}
            categoryId={1}
            difficulty="HARD"
            setAmount={[Function]}
            subject="Theoretical"
          />
        </td>
        <td
          className="border-left"
        >
          0
        </td>
      </tr>
      <tr
        key="Practical"
      >
        <th>
          Practical
        </th>
        <td
          key="EASY-Practical"
        >
          <EditConstraint
            amount={0}
            categoryId={1}
            difficulty="EASY"
            setAmount={[Function]}
            subject="Practical"
          />
        </td>
        <td
          key="HARD-Practical"
        >
          <EditConstraint
            amount={0}
            categoryId={1}
            difficulty="HARD"
            setAmount={[Function]}
            subject="Practical"
          />
        </td>
        <td
          className="border-left"
        >
          0
        </td>
      </tr>
      <tr
        className="border-top"
      >
        <th>
          Total
        </th>
        <td
          key="EASY-total"
        >
          0
        </td>
        <td
          key="HARD-total"
        >
          0
        </td>
        <td
          className="border-left"
        >
          0
        </td>
      </tr>
    </tbody>
  </table>
</div>
`;
