// Jest Snapshot v1, https://goo.gl/fbAQLP

exports[`Edit question should render correctly 1`] = `
<div
  className="col-8 offset-2 p-2"
>
  <div
    className="row"
  >
    <div
      className="col-10"
    >
      <div
        className="form-group"
      >
        <label
          htmlFor="question-1"
        >
          Vraag
        </label>
        <input
          className="form-control pl-2 pr-2"
          disabled={true}
          id="question-1"
          name="question"
          onChange={[Function]}
          type="text"
          value="Some question to ask?"
        />
      </div>
    </div>
    <div
      className="col-2 btn-group"
    >
      <button
        className="btn btn-outline-primary mt-4"
        onClick={[Function]}
      >
        Edit
      </button>
      <button
        className="btn btn-outline-danger mt-4"
        disabled={false}
        onClick={[Function]}
      >
        Remove
      </button>
    </div>
  </div>
</div>
`;
